// Jest Snapshot v1, https://goo.gl/fbAQLP

exports[`loadLessWithImports loads Less files, resolving all imports (transitively) 1`] = `
"// random comment to have import not on at the very start of the file
@base-color: #00ff00;
@light-color  : lighten(@base-color, 10);

@primary-color: indigo;
@dark-color: darken(@base-color, 10);


@secondary-color: @primary-color;
@error-color: darkred;
@light-color: lighten(@base-color, 15);
"
`;
